src/components/AdminPrivateRoute.tsx(1,1): error TS6133: 'React' is declared but its value is never read.
src/pages/AdminDashboardPage.tsx(1,8): error TS6133: 'React' is declared but its value is never read.
